Pager usage is off.
SET
### Q1  Order history for one client (look-up by e-mail, then by customer_id)
                                                                    QUERY PLAN                                                                     
---------------------------------------------------------------------------------------------------------------------------------------------------
 Sort  (cost=3645.46..3645.48 rows=6 width=31) (actual time=30.156..30.287 rows=6 loops=1)
   Sort Key: o.order_date DESC
   Sort Method: quicksort  Memory: 25kB
   Buffers: shared hit=2128
   ->  Hash Join  (cost=8.32..3645.38 rows=6 width=31) (actual time=15.493..29.888 rows=6 loops=1)
         Hash Cond: (o.customer_id = c.customer_id)
         Buffers: shared hit=2125
         ->  Seq Scan on orders o  (cost=0.00..3322.00 rows=120000 width=39) (actual time=13.839..22.339 rows=120000 loops=1)
               Buffers: shared hit=2122
         ->  Hash  (cost=8.30..8.30 rows=1 width=8) (actual time=0.310..0.311 rows=1 loops=1)
               Buckets: 1024  Batches: 1  Memory Usage: 9kB
               Buffers: shared hit=3
               ->  Index Scan using customers_email_key on customers c  (cost=0.29..8.30 rows=1 width=8) (actual time=0.026..0.027 rows=1 loops=1)
                     Index Cond: ((email)::text = 'client4242@example.com'::text)
                     Buffers: shared hit=3
 Planning:
   Buffers: shared hit=232
 Planning Time: 10.010 ms
 Execution Time: 30.892 ms
(19 rows)

### Q2  Monthly revenue by shipping country, last 12 months, settled orders only
                                                                               QUERY PLAN                                                                               
------------------------------------------------------------------------------------------------------------------------------------------------------------------------
 Incremental Sort  (cost=6863.20..9240.78 rows=33966 width=43) (actual time=22.950..25.150 rows=144 loops=1)
   Sort Key: (date_trunc('month'::text, order_date)), (sum(total_amount)) DESC
   Presorted Key: (date_trunc('month'::text, order_date))
   Full-sort Groups: 4  Sort Method: quicksort  Average Memory: 26kB  Peak Memory: 26kB
   Buffers: shared hit=2128
   ->  GroupAggregate  (cost=6863.16..7712.31 rows=33966 width=43) (actual time=21.981..24.877 rows=144 loops=1)
         Group Key: (date_trunc('month'::text, order_date)), shipping_country
         Buffers: shared hit=2125
         ->  Sort  (cost=6863.16..6948.08 rows=33966 width=18) (actual time=21.728..22.408 rows=34336 loops=1)
               Sort Key: (date_trunc('month'::text, order_date)), shipping_country
               Sort Method: quicksort  Memory: 2974kB
               Buffers: shared hit=2125
               ->  Seq Scan on orders  (cost=0.00..4306.91 rows=33966 width=18) (actual time=0.268..16.202 rows=34336 loops=1)
                     Filter: ((order_date >= '2025-10-01 00:00:00-04'::timestamp with time zone) AND (status = ANY ('{paid,in_production,shipped,delivered}'::text[])))
                     Rows Removed by Filter: 85664
                     Buffers: shared hit=2122
 Planning:
   Buffers: shared hit=88
 Planning Time: 0.194 ms
 Execution Time: 25.183 ms
(20 rows)

### Q3  Ten best-selling products (by revenue) in collection "AW 2025"
                                                                                          QUERY PLAN                                                                                          
----------------------------------------------------------------------------------------------------------------------------------------------------------------------------------------------
 Limit  (cost=5791.87..5791.89 rows=10 width=60) (actual time=30.526..30.530 rows=10 loops=1)
   Buffers: shared hit=2072
   ->  Sort  (cost=5791.87..5792.47 rows=240 width=60) (actual time=30.526..30.529 rows=10 loops=1)
         Sort Key: (sum(((oi.quantity)::numeric * oi.unit_price))) DESC
         Sort Method: quicksort  Memory: 26kB
         Buffers: shared hit=2072
         ->  HashAggregate  (cost=5783.68..5786.68 rows=240 width=60) (actual time=30.513..30.519 rows=20 loops=1)
               Group Key: p.sku, p.product_name
               Batches: 1  Memory Usage: 45kB
               Buffers: shared hit=2072
               ->  Hash Join  (cost=33.68..5533.68 rows=20000 width=38) (actual time=0.126..26.828 rows=20000 loops=1)
                     Hash Cond: (oi.variant_id = v.variant_id)
                     Buffers: shared hit=2072
                     ->  Seq Scan on order_items oi  (cost=0.00..4400.00 rows=240000 width=18) (actual time=0.003..17.603 rows=240000 loops=1)
                           Buffers: shared hit=2000
                     ->  Hash  (cost=31.18..31.18 rows=200 width=36) (actual time=0.119..0.120 rows=200 loops=1)
                           Buckets: 1024  Batches: 1  Memory Usage: 23kB
                           Buffers: shared hit=72
                           ->  Nested Loop  (cost=1.44..31.18 rows=200 width=36) (actual time=0.013..0.108 rows=200 loops=1)
                                 Buffers: shared hit=72
                                 ->  Hash Join  (cost=1.16..8.42 rows=20 width=36) (actual time=0.010..0.030 rows=20 loops=1)
                                       Hash Cond: (p.collection_id = c.collection_id)
                                       Buffers: shared hit=5
                                       ->  Seq Scan on products p  (cost=0.00..6.40 rows=240 width=40) (actual time=0.001..0.011 rows=240 loops=1)
                                             Buffers: shared hit=4
                                       ->  Hash  (cost=1.15..1.15 rows=1 width=4) (actual time=0.004..0.004 rows=1 loops=1)
                                             Buckets: 1024  Batches: 1  Memory Usage: 9kB
                                             Buffers: shared hit=1
                                             ->  Seq Scan on collections c  (cost=0.00..1.15 rows=1 width=4) (actual time=0.002..0.003 rows=1 loops=1)
                                                   Filter: ((collection_name)::text = 'AW 2025'::text)
                                                   Rows Removed by Filter: 11
                                                   Buffers: shared hit=1
                                 ->  Index Scan using variants_product_id_size_label_colour_key on variants v  (cost=0.28..1.04 rows=10 width=16) (actual time=0.003..0.003 rows=10 loops=20)
                                       Index Cond: (product_id = p.product_id)
                                       Buffers: shared hit=67
 Planning:
   Buffers: shared hit=285
 Planning Time: 1.159 ms
 Execution Time: 30.561 ms
(39 rows)

### Q4  Top 3 spenders in each shipping country (window function)
                                                                 QUERY PLAN                                                                 
--------------------------------------------------------------------------------------------------------------------------------------------
 Incremental Sort  (cost=6192.16..7411.33 rows=18703 width=51) (actual time=46.193..46.286 rows=36 loops=1)
   Sort Key: spend.shipping_country, (rank() OVER (?))
   Presorted Key: spend.shipping_country
   Full-sort Groups: 2  Sort Method: quicksort  Average Memory: 27kB  Peak Memory: 27kB
   Buffers: shared hit=2125, temp read=4 written=27
   ->  WindowAgg  (cost=6187.23..6561.29 rows=18703 width=51) (actual time=45.266..46.271 rows=36 loops=1)
         Run Condition: (rank() OVER (?) <= 3)
         Buffers: shared hit=2122, temp read=4 written=27
         ->  Sort  (cost=6187.23..6233.98 rows=18703 width=43) (actual time=45.261..45.660 rows=19819 loops=1)
               Sort Key: spend.shipping_country, spend.total_spend DESC
               Sort Method: quicksort  Memory: 1697kB
               Buffers: shared hit=2122, temp read=4 written=27
               ->  Subquery Scan on spend  (cost=4626.37..4860.16 rows=18703 width=43) (actual time=26.303..30.911 rows=19819 loops=1)
                     Buffers: shared hit=2122, temp read=4 written=27
                     ->  HashAggregate  (cost=4626.37..4860.16 rows=18703 width=43) (actual time=26.302..30.140 rows=19819 loops=1)
                           Group Key: o.shipping_country, o.customer_id
                           Batches: 5  Memory Usage: 8241kB  Disk Usage: 200kB
                           Buffers: shared hit=2122, temp read=4 written=27
                           ->  Seq Scan on orders o  (cost=0.00..3922.00 rows=93916 width=18) (actual time=0.227..9.973 rows=94279 loops=1)
                                 Filter: (status = ANY ('{paid,in_production,shipped,delivered}'::text[]))
                                 Rows Removed by Filter: 25721
                                 Buffers: shared hit=2122
 Planning:
   Buffers: shared hit=6
 Planning Time: 0.437 ms
 Execution Time: 46.674 ms
(26 rows)

### Q5  Stale pending orders (pending for more than 30 days) needing follow-up
                                                        QUERY PLAN                                                        
--------------------------------------------------------------------------------------------------------------------------
 Limit  (cost=4478.59..4478.71 rows=50 width=31) (actual time=6.129..6.132 rows=50 loops=1)
   Buffers: shared hit=2122
   ->  Sort  (cost=4478.59..4520.48 rows=16755 width=31) (actual time=6.129..6.130 rows=50 loops=1)
         Sort Key: order_date
         Sort Method: top-N heapsort  Memory: 30kB
         Buffers: shared hit=2122
         ->  Seq Scan on orders  (cost=0.00..3922.00 rows=16755 width=31) (actual time=0.204..5.247 rows=16587 loops=1)
               Filter: ((order_date < '2026-08-31 00:00:00-04'::timestamp with time zone) AND (status = 'pending'::text))
               Rows Removed by Filter: 103413
               Buffers: shared hit=2122
 Planning Time: 0.036 ms
 Execution Time: 6.137 ms
(12 rows)

